=== ОШИБКА: k6 jobs Failed на пике 400 VU ===
Дата: 2026-08-04T03:40:08Z

Параметры: пик 400 VU, sustained 180с, warmup 20 VU × 30с, thresholds p(95)<2000ms p(99)<5000ms errors<0.05

=== Статус jobs ===
NAME                  STATUS   COMPLETIONS   DURATION   AGE
k6-angie              Failed   0/1           13m        13m
k6-nginx-vts-docker   Failed   0/1           13m        13m

=== nginx-vts-docker: таймауты (Request Failed) ===
15
примеры:
time="2026-08-04T03:36:13Z" level=warning msg="Request Failed" error="Get \"http://84.201.128.102/\": request timeout"
time="2026-08-04T03:36:13Z" level=warning msg="Request Failed" error="Get \"http://84.201.128.102/\": request timeout"
time="2026-08-04T03:36:26Z" level=warning msg="Request Failed" error="Get \"http://84.201.128.102/\": request timeout"
time="2026-08-04T03:36:26Z" level=warning msg="Request Failed" error="Get \"http://84.201.128.102/\": request timeout"
time="2026-08-04T03:36:26Z" level=warning msg="Request Failed" error="Get \"http://84.201.128.102/\": request timeout"

=== angie: таймауты (Request Failed) ===
0
примеры:

=== последние строки логов ===
--- nginx-vts-docker ---
warmup ✓ [ 100% ] 20 VUs       30s
load     [  91% ] 400/400 VUs  10m03.8s/11m00.0s

running (10m34.8s), 400/400 VUs, 1320871 complete and 0 interrupted iterations
warmup ✓ [ 100% ] 20 VUs       30s
load     [  92% ] 400/400 VUs  10m04.8s/11m00.0s
--- angie ---
warmup ✓ [ 100% ] 20 VUs       30s
load     [  90% ] 400/400 VUs  09m50.8s/11m00.0s

running (10m21.8s), 400/400 VUs, 1318319 complete and 0 interrupted iterations
warmup ✓ [ 100% ] 20 VUs       30s
load     [  90% ] 400/400 VUs  09m51.8s/11m00.0s
